node.exe : ΓÜá Warning: 
Next.js inferred your 
workspace root, but it may 
not be correct.
At line:1 char:1
+ & "C:\Program 
Files\nodejs/node.exe" 
"C:\Program 
Files\nodejs/node_mo ...
+ ~~~~~~~~~~~~~~~~~~~~~~~~~~~
~~~~~~~~~~~~~~~~~~~~~~~~~~~~~
~~~~~~~~~~~~~
    + CategoryInfo           
   : NotSpecified: (ΓÜá War  
  ning: Ne...not be correc   
 t.:String) [], RemoteExc    
eption
    + FullyQualifiedErrorId  
   : NativeCommandError
 
 We detected multiple 
lockfiles and selected the 
directory of C:\Users\91703\p
ackage-lock.json as the root 
directory.
 To silence this warning, 
set `turbopack.root` in your 
Next.js config, or consider 
removing one of the 
lockfiles if it's not needed.
   See https://nextjs.org/doc
s/app/api-reference/config/ne
xt-config-js/turbopack#root-d
irectory for more 
information.
 Detected additional 
lockfiles: 
   * C:\Users\91703\Desktop\r
ccars\package-lock.json

Γû▓ Next.js 16.1.6 (Turbopack)

  Creating an optimized production build ...

> Build error occurred
Error: Turbopack build 
failed with 1 errors:
./Desktop/rccars/src/app/glob
als.css
Error evaluating Node.js code
CssSyntaxError: C:\Users\9170
3\Desktop\rccars\src\app\glob
als.css:175:129: Unknown 
word  t r a n s f o r m 
    at Input.error (Desktop/r
ccars/node_modules/postcss/li
b/input.js:135:16) [C:\Users\
91703\Desktop\rccars\.next\bu
ild\chunks\dcc70_039983d6._.j
s:4651:22]
    at Parser.unknownWord (De
sktop/rccars/node_modules/pos
tcss/lib/parser.js:595:22) [C
:\Users\91703\Desktop\rccars\
.next\build\chunks\dcc70_0399
83d6._.js:5827:26]
    at Parser.decl (Desktop/r
ccars/node_modules/postcss/li
b/parser.js:236:16) [C:\Users
\91703\Desktop\rccars\.next\b
uild\chunks\dcc70_039983d6._.
js:5510:26]
    at Parser.other (Desktop/
rccars/node_modules/postcss/l
ib/parser.js:401:18) [C:\User
s\91703\Desktop\rccars\.next\
build\chunks\dcc70_039983d6._
.js:5656:30]
    at Parser.parse (Desktop/
rccars/node_modules/postcss/l
ib/parser.js:472:16) [C:\User
s\91703\Desktop\rccars\.next\
build\chunks\dcc70_039983d6._
.js:5716:26]
    at parse (Desktop/rccars/
node_modules/postcss/lib/pars
e.js:11:12) [C:\Users\91703\D
esktop\rccars\.next\build\chu
nks\dcc70_039983d6._.js:5853:
16]
    at new LazyResult (Deskto
p/rccars/node_modules/postcss
/lib/lazy-result.js:165:16) [
C:\Users\91703\Desktop\rccars
\.next\build\chunks\dcc70_039
983d6._.js:6105:24]
    at Processor.process (Des
ktop/rccars/node_modules/post
css/lib/processor.js:53:14) [
C:\Users\91703\Desktop\rccars
\.next\build\chunks\dcc70_039
983d6._.js:6572:20]
    at transform (turbopack:/
//[turbopack-node]/transforms
/postcss.ts:70:51) [C:\Users\
91703\Desktop\rccars\.next\bu
ild\chunks\[root-of-the-serve
r]__03d10cf7._.js:145:52]
    at run (turbopack:///[tur
bopack-node]/ipc/evaluate.ts:
92:29) [C:\Users\91703\Deskto
p\rccars\.next\build\chunks\[
root-of-the-server]__8b131a64
._.js:443:37]

Import trace:
  Client Component Browser:
    ./Desktop/rccars/src/app/
globals.css [Client 
Component Browser]
    ./Desktop/rccars/src/app/
layout.tsx [Server Component]


    at transform (turbopack:/
//[turbopack-node]/transforms
/postcss.ts:70:51) [C:\Users\
91703\Desktop\rccars\.next\bu
ild\chunks\[root-of-the-serve
r]__03d10cf7._.js:145:52])
    at run (turbopack:///[tur
bopack-node]/ipc/evaluate.ts:
92:29) [C:\Users\91703\Deskto
p\rccars\.next\build\chunks\[
root-of-the-server]__8b131a64
._.js:443:37])
